[debug] [2025-07-02T15:23:17.838Z] ----------------------------------------------------------------------
[debug] [2025-07-02T15:23:17.841Z] Command:       C:\Program Files\nodejs\node.exe C:\Users\johnk\AppData\Roaming\npm\node_modules\firebase-tools\lib\bin\firebase.js init
[debug] [2025-07-02T15:23:17.841Z] CLI Version:   14.9.0
[debug] [2025-07-02T15:23:17.841Z] Platform:      win32
[debug] [2025-07-02T15:23:17.841Z] Node Version:  v22.12.0
[debug] [2025-07-02T15:23:17.842Z] Time:          Wed Jul 02 2025 18:23:17 GMT+0300 (Θερινή ώρα Ανατολικής Ευρώπης)
[debug] [2025-07-02T15:23:17.842Z] ----------------------------------------------------------------------
[debug] 
[debug] [2025-07-02T15:23:17.844Z] >>> [apiv2][query] GET https://firebase-public.firebaseio.com/cli.json [none]
[debug] [2025-07-02T15:23:17.879Z] > command requires scopes: ["email","openid","https://www.googleapis.com/auth/cloudplatformprojects.readonly","https://www.googleapis.com/auth/firebase","https://www.googleapis.com/auth/cloud-platform"]
[debug] [2025-07-02T15:23:17.879Z] > authorizing via signed-in user (johnkav107@gmail.com)
[info] 
     ######## #### ########  ######## ########     ###     ######  ########
     ##        ##  ##     ## ##       ##     ##  ##   ##  ##       ##
     ######    ##  ########  ######   ########  #########  ######  ######
     ##        ##  ##    ##  ##       ##     ## ##     ##       ## ##
     ##       #### ##     ## ######## ########  ##     ##  ######  ########

You're about to initialize a Firebase project in this directory:

  C:\Users\johnk\Documents\GitHub\PMS

[debug] [2025-07-02T15:23:18.245Z] <<< [apiv2][status] GET https://firebase-public.firebaseio.com/cli.json 200
[debug] [2025-07-02T15:23:18.245Z] <<< [apiv2][body] GET https://firebase-public.firebaseio.com/cli.json {"cloudBuildErrorAfter":1594252800000,"cloudBuildWarnAfter":1590019200000,"defaultNode10After":1594252800000,"minVersion":"3.0.5","node8DeploysDisabledAfter":1613390400000,"node8RuntimeDisabledAfter":1615809600000,"node8WarnAfter":1600128000000}
[info] 
=== Project Setup
[info] 
[info] First, let's associate this project directory with a Firebase project.
[info] You can create multiple project aliases by running firebase use --add, 
[info] but for now we'll just set up a default project.
[info] 
[debug] [2025-07-02T15:23:45.831Z] Checked if tokens are valid: false, expires at: 1743855797822
[debug] [2025-07-02T15:23:45.831Z] Checked if tokens are valid: false, expires at: 1743855797822
[debug] [2025-07-02T15:23:45.831Z] > refreshing access token with scopes: []
[debug] [2025-07-02T15:23:45.833Z] >>> [apiv2][query] POST https://www.googleapis.com/oauth2/v3/token [none]
[debug] [2025-07-02T15:23:45.833Z] >>> [apiv2][body] POST https://www.googleapis.com/oauth2/v3/token [omitted]
[debug] [2025-07-02T15:23:46.057Z] <<< [apiv2][status] POST https://www.googleapis.com/oauth2/v3/token 200
[debug] [2025-07-02T15:23:46.057Z] <<< [apiv2][body] POST https://www.googleapis.com/oauth2/v3/token [omitted]
[debug] [2025-07-02T15:23:46.074Z] >>> [apiv2][query] GET https://firebase.googleapis.com/v1beta1/projects pageSize=100
[debug] [2025-07-02T15:23:46.729Z] <<< [apiv2][status] GET https://firebase.googleapis.com/v1beta1/projects 200
[debug] [2025-07-02T15:23:46.729Z] <<< [apiv2][body] GET https://firebase.googleapis.com/v1beta1/projects [omitted]
[info] i  Using project prop-management-platform (prop-management-platform) 
[info] 
=== Hosting Setup
[debug] [2025-07-02T15:23:49.778Z] Checked if tokens are valid: true, expires at: 1751473425057
[debug] [2025-07-02T15:23:49.778Z] Checked if tokens are valid: true, expires at: 1751473425057
[debug] [2025-07-02T15:23:49.778Z] >>> [apiv2][query] GET https://firebase.googleapis.com/v1beta1/projects/prop-management-platform [none]
[debug] [2025-07-02T15:23:50.120Z] <<< [apiv2][status] GET https://firebase.googleapis.com/v1beta1/projects/prop-management-platform 200
[debug] [2025-07-02T15:23:50.120Z] <<< [apiv2][body] GET https://firebase.googleapis.com/v1beta1/projects/prop-management-platform {"projectId":"prop-management-platform","projectNumber":"534959739705","displayName":"prop-management-platform","name":"projects/prop-management-platform","resources":{"hostingSite":"prop-management-platform"},"state":"ACTIVE","etag":"1_612b4ef6-b244-4c42-8696-76492ac9743e"}
[info] 
[info] Your public directory is the folder (relative to your project directory) that
[info] will contain Hosting assets to be uploaded with firebase deploy. If you
[info] have a build process for your assets, use your build's output directory.
[info] 
[debug] [2025-07-02T15:25:09.192Z] ExitPromptError: User force closed the prompt with SIGINT
    at Interface.sigint (C:\Users\johnk\AppData\Roaming\npm\node_modules\firebase-tools\node_modules\@inquirer\core\dist\commonjs\lib\create-prompt.js:101:37)
    at Interface.emit (node:events:524:28)
    at Interface.emit (node:domain:489:12)
    at [_ttyWrite] [as _ttyWrite] (node:internal/readline/interface:1124:18)
    at ReadStream.onkeypress (node:internal/readline/interface:263:20)
    at ReadStream.emit (node:events:536:35)
    at ReadStream.emit (node:domain:489:12)
    at emitKeys (node:internal/readline/utils:370:14)
    at emitKeys.next (<anonymous>)
    at ReadStream.onData (node:internal/readline/emitKeypressEvents:64:36)
[error] 
[error] Error: An unexpected error has occurred.
