[debug] [2025-03-04T22:37:04.128Z] ----------------------------------------------------------------------
[debug] [2025-03-04T22:37:04.130Z] Command:       C:\Program Files\nodejs\node.exe C:\Users\johnk\AppData\Roaming\npm\node_modules\firebase-tools\lib\bin\firebase.js deploy --only hosting --debug
[debug] [2025-03-04T22:37:04.131Z] CLI Version:   13.32.0
[debug] [2025-03-04T22:37:04.131Z] Platform:      win32
[debug] [2025-03-04T22:37:04.131Z] Node Version:  v22.12.0
[debug] [2025-03-04T22:37:04.131Z] Time:          Wed Mar 05 2025 00:37:04 GMT+0200 (Χειμερινή ώρα Ανατολικής Ευρώπης)
[debug] [2025-03-04T22:37:04.131Z] ----------------------------------------------------------------------
[debug] 
[debug] [2025-03-04T22:37:04.289Z] > command requires scopes: ["email","openid","https://www.googleapis.com/auth/cloudplatformprojects.readonly","https://www.googleapis.com/auth/firebase","https://www.googleapis.com/auth/cloud-platform"]
[debug] [2025-03-04T22:37:04.290Z] > authorizing via signed-in user (johnkav107@gmail.com)
[debug] [2025-03-04T22:37:04.290Z] [iam] checking project property-management-plat-37148 for permissions ["firebase.projects.get","firebasehosting.sites.update"]
[debug] [2025-03-04T22:37:04.291Z] Checked if tokens are valid: true, expires at: 1741130013501
[debug] [2025-03-04T22:37:04.291Z] Checked if tokens are valid: true, expires at: 1741130013501
[debug] [2025-03-04T22:37:04.292Z] >>> [apiv2][query] POST https://cloudresourcemanager.googleapis.com/v1/projects/property-management-plat-37148:testIamPermissions [none]
[debug] [2025-03-04T22:37:04.292Z] >>> [apiv2][(partial)header] POST https://cloudresourcemanager.googleapis.com/v1/projects/property-management-plat-37148:testIamPermissions x-goog-quota-user=projects/property-management-plat-37148
[debug] [2025-03-04T22:37:04.293Z] >>> [apiv2][body] POST https://cloudresourcemanager.googleapis.com/v1/projects/property-management-plat-37148:testIamPermissions {"permissions":["firebase.projects.get","firebasehosting.sites.update"]}
[debug] [2025-03-04T22:37:04.654Z] <<< [apiv2][status] POST https://cloudresourcemanager.googleapis.com/v1/projects/property-management-plat-37148:testIamPermissions 200
[debug] [2025-03-04T22:37:04.655Z] <<< [apiv2][body] POST https://cloudresourcemanager.googleapis.com/v1/projects/property-management-plat-37148:testIamPermissions {"permissions":["firebase.projects.get","firebasehosting.sites.update"]}
[debug] [2025-03-04T22:37:04.656Z] Checked if tokens are valid: true, expires at: 1741130013501
[debug] [2025-03-04T22:37:04.656Z] Checked if tokens are valid: true, expires at: 1741130013501
[debug] [2025-03-04T22:37:04.656Z] >>> [apiv2][query] GET https://firebase.googleapis.com/v1beta1/projects/property-management-plat-37148 [none]
[debug] [2025-03-04T22:37:05.015Z] <<< [apiv2][status] GET https://firebase.googleapis.com/v1beta1/projects/property-management-plat-37148 200
[debug] [2025-03-04T22:37:05.015Z] <<< [apiv2][body] GET https://firebase.googleapis.com/v1beta1/projects/property-management-plat-37148 {"projectId":"property-management-plat-37148","projectNumber":"822432101146","displayName":"property-management-platform","name":"projects/property-management-plat-37148","resources":{"hostingSite":"property-management-plat-37148"},"state":"ACTIVE","etag":"1_9eceeb80-5bdd-4b41-81a3-3a28bc5a2a3f"}
[info] 
[info] === Deploying to 'property-management-plat-37148'...
[info] 
[info] i  deploying hosting 
[debug] [2025-03-04T22:37:05.020Z] Checked if tokens are valid: true, expires at: 1741130013501
[debug] [2025-03-04T22:37:05.020Z] Checked if tokens are valid: true, expires at: 1741130013501
[debug] [2025-03-04T22:37:05.020Z] >>> [apiv2][query] POST https://firebasehosting.googleapis.com/v1beta1/projects/-/sites/property-management-plat-37148/versions [none]
[debug] [2025-03-04T22:37:05.020Z] >>> [apiv2][body] POST https://firebasehosting.googleapis.com/v1beta1/projects/-/sites/property-management-plat-37148/versions {"status":"CREATED","labels":{"deployment-tool":"cli-firebase"}}
[debug] [2025-03-04T22:37:06.225Z] <<< [apiv2][status] POST https://firebasehosting.googleapis.com/v1beta1/projects/-/sites/property-management-plat-37148/versions 200
[debug] [2025-03-04T22:37:06.225Z] <<< [apiv2][body] POST https://firebasehosting.googleapis.com/v1beta1/projects/-/sites/property-management-plat-37148/versions {"name":"projects/822432101146/sites/property-management-plat-37148/versions/1ec97f7171aa40b0","status":"CREATED","config":{},"labels":{"deployment-tool":"cli-firebase"}}
[info] i  hosting[property-management-plat-37148]: beginning deploy... 
[info] i  hosting[property-management-plat-37148]: found 14 files in ./build 
[debug] [2025-03-04T22:37:06.237Z] [hosting] uploading with 200 concurrency
[debug] [2025-03-04T22:37:06.240Z] Checked if tokens are valid: true, expires at: 1741130013501
[debug] [2025-03-04T22:37:06.240Z] Checked if tokens are valid: true, expires at: 1741130013501
[debug] [2025-03-04T22:37:06.240Z] [hosting] hash cache [YnVpbGQ] stored for 14 files
[debug] [2025-03-04T22:37:06.241Z] [hosting][hash queue][FINAL] {"max":1,"min":0,"avg":0,"active":0,"complete":14,"success":14,"errored":0,"retried":0,"total":14,"elapsed":3}
[debug] [2025-03-04T22:37:06.241Z] >>> [apiv2][query] POST https://firebasehosting.googleapis.com/v1beta1/projects/822432101146/sites/property-management-plat-37148/versions/1ec97f7171aa40b0:populateFiles [none]
[debug] [2025-03-04T22:37:06.241Z] >>> [apiv2][body] POST https://firebasehosting.googleapis.com/v1beta1/projects/822432101146/sites/property-management-plat-37148/versions/1ec97f7171aa40b0:populateFiles {"files":{"/robots.txt":"bfe106a3fb878dc83461c86818bf74fc1bdc7f28538ba613cd3e775516ce8b49\r","/manifest.json":"ee04fb47e525c67d8424ffe9b4d8a8a24e434504478afca4e0ca602146836d4c\r","/logo512.png":"212b102aa09e51b3b3e06647e81f7801a61333e171f6582e8124379aabccb41d\r","/logo192.png":"79e2b749561016bc8af300ea19f48347ceed3cb1a54f48ae456172eca45e08f0\r","/index.html":"0ad5672deb5c05a8478d4fc05699bdd282fba536b00fe3582f7cb7813d1802a6","/favicon.ico":"27edce7be5922cf0bef7d4136f69b5bfbdd5bf8c13c7b026f71187d41a00aa7d\r","/asset-manifest.json":"5a7d0f757778c30a871efa0060a9e4a1d302b9278885b865acef95ca37be644c","/static/js/main.15db73d1.js.map":"5a3a028c38337bebbfdc1a2e19fa2b774a20cea8f2d80125939e0128978b6cf6","/static/js/main.15db73d1.js.LICENSE.txt":"fc11348ecfa0fc4b2e8ab8ddaab7cf5eee61c5c8050f8bd6bfa0a4d5158af150","/static/js/main.15db73d1.js":"95e3e926bc53381e57dba745ab6f34d5665fbbf6de42a295d2c7ced0107233a5","/static/js/488.7b3428c1.chunk.js.map":"c3ae88e30616fb41c1409ead111040d96f88f348221abc64be3e42a193ccc4b1","/static/js/488.7b3428c1.chunk.js":"d2e9c812ef35b4be642e2d6e91c09cfc573871fc72fafa3421327d9546399dd8","/static/css/main.c538ef7b.css.map":"31beabadd88345c9474c7b2413471fe45e4f22f80bcaa78fe5f8d6b0326644ae","/static/css/main.c538ef7b.css":"c6b64602b7654738d0ea5956db7c8b71759ffb7301d178598c88a6a3b0582f63"}}
[debug] [2025-03-04T22:37:06.517Z] <<< [apiv2][status] POST https://firebasehosting.googleapis.com/v1beta1/projects/822432101146/sites/property-management-plat-37148/versions/1ec97f7171aa40b0:populateFiles 200
[debug] [2025-03-04T22:37:06.517Z] <<< [apiv2][body] POST https://firebasehosting.googleapis.com/v1beta1/projects/822432101146/sites/property-management-plat-37148/versions/1ec97f7171aa40b0:populateFiles {"uploadRequiredHashes":["27edce7be5922cf0bef7d4136f69b5bfbdd5bf8c13c7b026f71187d41a00aa7d","bfe106a3fb878dc83461c86818bf74fc1bdc7f28538ba613cd3e775516ce8b49","212b102aa09e51b3b3e06647e81f7801a61333e171f6582e8124379aabccb41d","79e2b749561016bc8af300ea19f48347ceed3cb1a54f48ae456172eca45e08f0","ee04fb47e525c67d8424ffe9b4d8a8a24e434504478afca4e0ca602146836d4c"],"uploadUrl":"https://upload-firebasehosting.googleapis.com/upload/sites/property-management-plat-37148/versions/1ec97f7171aa40b0/files"}
[debug] [2025-03-04T22:37:06.519Z] [hosting][populate queue][FINAL] {"max":279,"min":279,"avg":279,"active":0,"complete":1,"success":1,"errored":0,"retried":0,"total":1,"elapsed":279}
[debug] [2025-03-04T22:37:06.519Z] [hosting] uploads queued: 5
[debug] [2025-03-04T22:37:06.922Z] [uploadQueue] Retrying task 27edce7be5922cf0bef7d4136f69b5bfbdd5bf8c13c7b026f71187d41a00aa7d
[debug] [2025-03-04T22:37:06.922Z] [uploadQueue] Retrying task bfe106a3fb878dc83461c86818bf74fc1bdc7f28538ba613cd3e775516ce8b49
[debug] [2025-03-04T22:37:06.923Z] [uploadQueue] Retrying task 212b102aa09e51b3b3e06647e81f7801a61333e171f6582e8124379aabccb41d
[debug] [2025-03-04T22:37:06.923Z] [uploadQueue] Retrying task 79e2b749561016bc8af300ea19f48347ceed3cb1a54f48ae456172eca45e08f0
[debug] [2025-03-04T22:37:06.924Z] [uploadQueue] Retrying task ee04fb47e525c67d8424ffe9b4d8a8a24e434504478afca4e0ca602146836d4c
[debug] [2025-03-04T22:37:07.727Z] [uploadQueue] Retrying task 27edce7be5922cf0bef7d4136f69b5bfbdd5bf8c13c7b026f71187d41a00aa7d
[debug] [2025-03-04T22:37:07.727Z] [uploadQueue] Retrying task bfe106a3fb878dc83461c86818bf74fc1bdc7f28538ba613cd3e775516ce8b49
[debug] [2025-03-04T22:37:07.728Z] [uploadQueue] Retrying task 212b102aa09e51b3b3e06647e81f7801a61333e171f6582e8124379aabccb41d
[debug] [2025-03-04T22:37:07.728Z] [uploadQueue] Retrying task 79e2b749561016bc8af300ea19f48347ceed3cb1a54f48ae456172eca45e08f0
[debug] [2025-03-04T22:37:07.728Z] [uploadQueue] Retrying task ee04fb47e525c67d8424ffe9b4d8a8a24e434504478afca4e0ca602146836d4c
[info] i  hosting: uploading new files [0/5] (0%) 
[debug] [2025-03-04T22:37:09.335Z] [uploadQueue] Retrying task 27edce7be5922cf0bef7d4136f69b5bfbdd5bf8c13c7b026f71187d41a00aa7d
[debug] [2025-03-04T22:37:09.336Z] [uploadQueue] Retrying task bfe106a3fb878dc83461c86818bf74fc1bdc7f28538ba613cd3e775516ce8b49
[debug] [2025-03-04T22:37:09.336Z] [uploadQueue] Retrying task 212b102aa09e51b3b3e06647e81f7801a61333e171f6582e8124379aabccb41d
[debug] [2025-03-04T22:37:09.337Z] [uploadQueue] Retrying task 79e2b749561016bc8af300ea19f48347ceed3cb1a54f48ae456172eca45e08f0
[debug] [2025-03-04T22:37:09.337Z] [uploadQueue] Retrying task ee04fb47e525c67d8424ffe9b4d8a8a24e434504478afca4e0ca602146836d4c
[info] i  hosting: uploading new files [0/5] (0%) 
[info] i  hosting: uploading new files [0/5] (0%) 
[debug] [2025-03-04T22:37:12.538Z] [uploadQueue] Retrying task 27edce7be5922cf0bef7d4136f69b5bfbdd5bf8c13c7b026f71187d41a00aa7d
[debug] [2025-03-04T22:37:12.539Z] [uploadQueue] Retrying task bfe106a3fb878dc83461c86818bf74fc1bdc7f28538ba613cd3e775516ce8b49
[debug] [2025-03-04T22:37:12.539Z] [uploadQueue] Retrying task 212b102aa09e51b3b3e06647e81f7801a61333e171f6582e8124379aabccb41d
[debug] [2025-03-04T22:37:12.539Z] [uploadQueue] Retrying task 79e2b749561016bc8af300ea19f48347ceed3cb1a54f48ae456172eca45e08f0
[debug] [2025-03-04T22:37:12.540Z] [uploadQueue] Retrying task ee04fb47e525c67d8424ffe9b4d8a8a24e434504478afca4e0ca602146836d4c
[info] i  hosting: uploading new files [0/5] (0%) 
[info] i  hosting: uploading new files [0/5] (0%) 
[info] i  hosting: uploading new files [0/5] (0%) 
[debug] [2025-03-04T22:37:18.942Z] [uploadQueue] Retrying task 27edce7be5922cf0bef7d4136f69b5bfbdd5bf8c13c7b026f71187d41a00aa7d
[debug] Task 27edce7be5922cf0bef7d4136f69b5bfbdd5bf8c13c7b026f71187d41a00aa7d failed: retries exhausted after 6 attempts, with error: The "paths[1]" argument must be of type string. Received undefined
[debug] [2025-03-04T22:37:18.943Z] [hosting][upload queue][FINAL] {"max":0,"min":9999999999,"avg":0,"active":4,"complete":1,"success":0,"errored":1,"retried":21,"total":5,"elapsed":12425}
[info] i  hosting: uploading new files [1/5] (20%) 
[debug] [2025-03-04T22:37:18.946Z] [uploadQueue] Retrying task bfe106a3fb878dc83461c86818bf74fc1bdc7f28538ba613cd3e775516ce8b49
[debug] Task bfe106a3fb878dc83461c86818bf74fc1bdc7f28538ba613cd3e775516ce8b49 failed: retries exhausted after 6 attempts, with error: The "paths[1]" argument must be of type string. Received undefined
[debug] [2025-03-04T22:37:18.947Z] [uploadQueue] Retrying task 212b102aa09e51b3b3e06647e81f7801a61333e171f6582e8124379aabccb41d
[debug] Task 212b102aa09e51b3b3e06647e81f7801a61333e171f6582e8124379aabccb41d failed: retries exhausted after 6 attempts, with error: The "paths[1]" argument must be of type string. Received undefined
[debug] [2025-03-04T22:37:18.947Z] [uploadQueue] Retrying task 79e2b749561016bc8af300ea19f48347ceed3cb1a54f48ae456172eca45e08f0
[debug] Task 79e2b749561016bc8af300ea19f48347ceed3cb1a54f48ae456172eca45e08f0 failed: retries exhausted after 6 attempts, with error: The "paths[1]" argument must be of type string. Received undefined
[debug] [2025-03-04T22:37:18.948Z] [uploadQueue] Retrying task ee04fb47e525c67d8424ffe9b4d8a8a24e434504478afca4e0ca602146836d4c
[debug] Task ee04fb47e525c67d8424ffe9b4d8a8a24e434504478afca4e0ca602146836d4c failed: retries exhausted after 6 attempts, with error: The "paths[1]" argument must be of type string. Received undefined
[debug] [2025-03-04T22:37:19.089Z] TypeError [ERR_INVALID_ARG_TYPE]: The "paths[1]" argument must be of type string. Received undefined
    at Object.resolve (node:path:198:9)
    at Uploader.zipStream (C:\Users\johnk\AppData\Roaming\npm\node_modules\firebase-tools\lib\deploy\hosting\uploader.js:198:47)
    at Uploader.uploadHandler (C:\Users\johnk\AppData\Roaming\npm\node_modules\firebase-tools\lib\deploy\hosting\uploader.js:182:24)
    at Queue.executeTask (C:\Users\johnk\AppData\Roaming\npm\node_modules\firebase-tools\lib\throttler\throttler.js:181:33)
    at Queue.executeTask (C:\Users\johnk\AppData\Roaming\npm\node_modules\firebase-tools\lib\throttler\throttler.js:194:25)
    at runNextTicks (node:internal/process/task_queues:65:5)
    at listOnTimeout (node:internal/timers:555:9)
    at process.processTimers (node:internal/timers:529:7)
    at async Queue.handle (C:\Users\johnk\AppData\Roaming\npm\node_modules\firebase-tools\lib\throttler\throttler.js:97:22)
[error] 
[error] Error: Task 27edce7be5922cf0bef7d4136f69b5bfbdd5bf8c13c7b026f71187d41a00aa7d failed: retries exhausted after 6 attempts, with error: The "paths[1]" argument must be of type string. Received undefined
[debug] [2025-03-04T22:39:23.651Z] ----------------------------------------------------------------------
[debug] [2025-03-04T22:39:23.653Z] Command:       C:\Program Files\nodejs\node.exe C:\Users\johnk\AppData\Roaming\npm\node_modules\firebase-tools\lib\bin\firebase.js deploy --only hosting --debug
[debug] [2025-03-04T22:39:23.653Z] CLI Version:   13.32.0
[debug] [2025-03-04T22:39:23.654Z] Platform:      win32
[debug] [2025-03-04T22:39:23.654Z] Node Version:  v22.12.0
[debug] [2025-03-04T22:39:23.654Z] Time:          Wed Mar 05 2025 00:39:23 GMT+0200 (Χειμερινή ώρα Ανατολικής Ευρώπης)
[debug] [2025-03-04T22:39:23.654Z] ----------------------------------------------------------------------
[debug] 
[debug] [2025-03-04T22:39:23.809Z] > command requires scopes: ["email","openid","https://www.googleapis.com/auth/cloudplatformprojects.readonly","https://www.googleapis.com/auth/firebase","https://www.googleapis.com/auth/cloud-platform"]
[debug] [2025-03-04T22:39:23.809Z] > authorizing via signed-in user (johnkav107@gmail.com)
[debug] [2025-03-04T22:39:23.810Z] [iam] checking project property-management-plat-37148 for permissions ["firebase.projects.get","firebasehosting.sites.update"]
[debug] [2025-03-04T22:39:23.811Z] Checked if tokens are valid: true, expires at: 1741130013501
[debug] [2025-03-04T22:39:23.811Z] Checked if tokens are valid: true, expires at: 1741130013501
[debug] [2025-03-04T22:39:23.812Z] >>> [apiv2][query] POST https://cloudresourcemanager.googleapis.com/v1/projects/property-management-plat-37148:testIamPermissions [none]
[debug] [2025-03-04T22:39:23.812Z] >>> [apiv2][(partial)header] POST https://cloudresourcemanager.googleapis.com/v1/projects/property-management-plat-37148:testIamPermissions x-goog-quota-user=projects/property-management-plat-37148
[debug] [2025-03-04T22:39:23.813Z] >>> [apiv2][body] POST https://cloudresourcemanager.googleapis.com/v1/projects/property-management-plat-37148:testIamPermissions {"permissions":["firebase.projects.get","firebasehosting.sites.update"]}
[debug] [2025-03-04T22:39:24.615Z] <<< [apiv2][status] POST https://cloudresourcemanager.googleapis.com/v1/projects/property-management-plat-37148:testIamPermissions 200
[debug] [2025-03-04T22:39:24.615Z] <<< [apiv2][body] POST https://cloudresourcemanager.googleapis.com/v1/projects/property-management-plat-37148:testIamPermissions {"permissions":["firebase.projects.get","firebasehosting.sites.update"]}
[debug] [2025-03-04T22:39:24.616Z] Checked if tokens are valid: true, expires at: 1741130013501
[debug] [2025-03-04T22:39:24.616Z] Checked if tokens are valid: true, expires at: 1741130013501
[debug] [2025-03-04T22:39:24.617Z] >>> [apiv2][query] GET https://firebase.googleapis.com/v1beta1/projects/property-management-plat-37148 [none]
[debug] [2025-03-04T22:39:24.998Z] <<< [apiv2][status] GET https://firebase.googleapis.com/v1beta1/projects/property-management-plat-37148 200
[debug] [2025-03-04T22:39:24.999Z] <<< [apiv2][body] GET https://firebase.googleapis.com/v1beta1/projects/property-management-plat-37148 {"projectId":"property-management-plat-37148","projectNumber":"822432101146","displayName":"property-management-platform","name":"projects/property-management-plat-37148","resources":{"hostingSite":"property-management-plat-37148"},"state":"ACTIVE","etag":"1_9eceeb80-5bdd-4b41-81a3-3a28bc5a2a3f"}
[info] 
[info] === Deploying to 'property-management-plat-37148'...
[info] 
[info] i  deploying hosting 
[debug] [2025-03-04T22:39:25.003Z] Checked if tokens are valid: true, expires at: 1741130013501
[debug] [2025-03-04T22:39:25.003Z] Checked if tokens are valid: true, expires at: 1741130013501
[debug] [2025-03-04T22:39:25.004Z] >>> [apiv2][query] POST https://firebasehosting.googleapis.com/v1beta1/projects/-/sites/property-management-plat-37148/versions [none]
[debug] [2025-03-04T22:39:25.004Z] >>> [apiv2][body] POST https://firebasehosting.googleapis.com/v1beta1/projects/-/sites/property-management-plat-37148/versions {"status":"CREATED","labels":{"deployment-tool":"cli-firebase"}}
[debug] [2025-03-04T22:39:26.186Z] <<< [apiv2][status] POST https://firebasehosting.googleapis.com/v1beta1/projects/-/sites/property-management-plat-37148/versions 200
[debug] [2025-03-04T22:39:26.187Z] <<< [apiv2][body] POST https://firebasehosting.googleapis.com/v1beta1/projects/-/sites/property-management-plat-37148/versions {"name":"projects/822432101146/sites/property-management-plat-37148/versions/cdf19a30892d3655","status":"CREATED","config":{},"labels":{"deployment-tool":"cli-firebase"}}
[info] i  hosting[property-management-plat-37148]: beginning deploy... 
[info] i  hosting[property-management-plat-37148]: found 14 files in ./build 
[debug] [2025-03-04T22:39:26.199Z] [hosting] uploading with 200 concurrency
[debug] [2025-03-04T22:39:26.496Z] Checked if tokens are valid: true, expires at: 1741130013501
[debug] [2025-03-04T22:39:26.496Z] Checked if tokens are valid: true, expires at: 1741130013501
[debug] [2025-03-04T22:39:26.497Z] [hosting] hash cache [YnVpbGQ] stored for 14 files
[debug] [2025-03-04T22:39:26.498Z] [hosting][hash queue][FINAL] {"max":294,"min":2,"avg":26.571428571428573,"active":0,"complete":14,"success":14,"errored":0,"retried":0,"total":14,"elapsed":298}
[debug] [2025-03-04T22:39:26.498Z] >>> [apiv2][query] POST https://firebasehosting.googleapis.com/v1beta1/projects/822432101146/sites/property-management-plat-37148/versions/cdf19a30892d3655:populateFiles [none]
[debug] [2025-03-04T22:39:26.498Z] >>> [apiv2][body] POST https://firebasehosting.googleapis.com/v1beta1/projects/822432101146/sites/property-management-plat-37148/versions/cdf19a30892d3655:populateFiles {"files":{"/robots.txt":"bfe106a3fb878dc83461c86818bf74fc1bdc7f28538ba613cd3e775516ce8b49\r","/manifest.json":"ee04fb47e525c67d8424ffe9b4d8a8a24e434504478afca4e0ca602146836d4c\r","/logo512.png":"212b102aa09e51b3b3e06647e81f7801a61333e171f6582e8124379aabccb41d\r","/logo192.png":"79e2b749561016bc8af300ea19f48347ceed3cb1a54f48ae456172eca45e08f0\r","/favicon.ico":"27edce7be5922cf0bef7d4136f69b5bfbdd5bf8c13c7b026f71187d41a00aa7d\r","/index.html":"0ad5672deb5c05a8478d4fc05699bdd282fba536b00fe3582f7cb7813d1802a6","/asset-manifest.json":"5a7d0f757778c30a871efa0060a9e4a1d302b9278885b865acef95ca37be644c","/static/js/488.7b3428c1.chunk.js":"d2e9c812ef35b4be642e2d6e91c09cfc573871fc72fafa3421327d9546399dd8","/static/js/main.15db73d1.js.LICENSE.txt":"fc11348ecfa0fc4b2e8ab8ddaab7cf5eee61c5c8050f8bd6bfa0a4d5158af150","/static/css/main.c538ef7b.css.map":"31beabadd88345c9474c7b2413471fe45e4f22f80bcaa78fe5f8d6b0326644ae","/static/css/main.c538ef7b.css":"c6b64602b7654738d0ea5956db7c8b71759ffb7301d178598c88a6a3b0582f63","/static/js/488.7b3428c1.chunk.js.map":"c3ae88e30616fb41c1409ead111040d96f88f348221abc64be3e42a193ccc4b1","/static/js/main.15db73d1.js":"95e3e926bc53381e57dba745ab6f34d5665fbbf6de42a295d2c7ced0107233a5","/static/js/main.15db73d1.js.map":"5a3a028c38337bebbfdc1a2e19fa2b774a20cea8f2d80125939e0128978b6cf6"}}
[debug] [2025-03-04T22:39:26.767Z] <<< [apiv2][status] POST https://firebasehosting.googleapis.com/v1beta1/projects/822432101146/sites/property-management-plat-37148/versions/cdf19a30892d3655:populateFiles 200
[debug] [2025-03-04T22:39:26.767Z] <<< [apiv2][body] POST https://firebasehosting.googleapis.com/v1beta1/projects/822432101146/sites/property-management-plat-37148/versions/cdf19a30892d3655:populateFiles {"uploadRequiredHashes":["79e2b749561016bc8af300ea19f48347ceed3cb1a54f48ae456172eca45e08f0","bfe106a3fb878dc83461c86818bf74fc1bdc7f28538ba613cd3e775516ce8b49","212b102aa09e51b3b3e06647e81f7801a61333e171f6582e8124379aabccb41d","ee04fb47e525c67d8424ffe9b4d8a8a24e434504478afca4e0ca602146836d4c","27edce7be5922cf0bef7d4136f69b5bfbdd5bf8c13c7b026f71187d41a00aa7d"],"uploadUrl":"https://upload-firebasehosting.googleapis.com/upload/sites/property-management-plat-37148/versions/cdf19a30892d3655/files"}
[debug] [2025-03-04T22:39:26.769Z] [hosting][populate queue][FINAL] {"max":273,"min":273,"avg":273,"active":0,"complete":1,"success":1,"errored":0,"retried":0,"total":1,"elapsed":273}
[debug] [2025-03-04T22:39:26.769Z] [hosting] uploads queued: 5
[debug] [2025-03-04T22:39:27.175Z] [uploadQueue] Retrying task 79e2b749561016bc8af300ea19f48347ceed3cb1a54f48ae456172eca45e08f0
[debug] [2025-03-04T22:39:27.176Z] [uploadQueue] Retrying task bfe106a3fb878dc83461c86818bf74fc1bdc7f28538ba613cd3e775516ce8b49
[debug] [2025-03-04T22:39:27.176Z] [uploadQueue] Retrying task 212b102aa09e51b3b3e06647e81f7801a61333e171f6582e8124379aabccb41d
[debug] [2025-03-04T22:39:27.177Z] [uploadQueue] Retrying task ee04fb47e525c67d8424ffe9b4d8a8a24e434504478afca4e0ca602146836d4c
[debug] [2025-03-04T22:39:27.177Z] [uploadQueue] Retrying task 27edce7be5922cf0bef7d4136f69b5bfbdd5bf8c13c7b026f71187d41a00aa7d
[debug] [2025-03-04T22:39:27.979Z] [uploadQueue] Retrying task 79e2b749561016bc8af300ea19f48347ceed3cb1a54f48ae456172eca45e08f0
[debug] [2025-03-04T22:39:27.980Z] [uploadQueue] Retrying task bfe106a3fb878dc83461c86818bf74fc1bdc7f28538ba613cd3e775516ce8b49
[debug] [2025-03-04T22:39:27.980Z] [uploadQueue] Retrying task 212b102aa09e51b3b3e06647e81f7801a61333e171f6582e8124379aabccb41d
[debug] [2025-03-04T22:39:27.981Z] [uploadQueue] Retrying task ee04fb47e525c67d8424ffe9b4d8a8a24e434504478afca4e0ca602146836d4c
[debug] [2025-03-04T22:39:27.981Z] [uploadQueue] Retrying task 27edce7be5922cf0bef7d4136f69b5bfbdd5bf8c13c7b026f71187d41a00aa7d
[info] i  hosting: uploading new files [0/5] (0%) 
[debug] [2025-03-04T22:39:29.595Z] [uploadQueue] Retrying task 79e2b749561016bc8af300ea19f48347ceed3cb1a54f48ae456172eca45e08f0
[debug] [2025-03-04T22:39:29.595Z] [uploadQueue] Retrying task bfe106a3fb878dc83461c86818bf74fc1bdc7f28538ba613cd3e775516ce8b49
[debug] [2025-03-04T22:39:29.596Z] [uploadQueue] Retrying task 212b102aa09e51b3b3e06647e81f7801a61333e171f6582e8124379aabccb41d
[debug] [2025-03-04T22:39:29.596Z] [uploadQueue] Retrying task ee04fb47e525c67d8424ffe9b4d8a8a24e434504478afca4e0ca602146836d4c
[debug] [2025-03-04T22:39:29.596Z] [uploadQueue] Retrying task 27edce7be5922cf0bef7d4136f69b5bfbdd5bf8c13c7b026f71187d41a00aa7d
[info] i  hosting: uploading new files [0/5] (0%) 
[info] i  hosting: uploading new files [0/5] (0%) 
[debug] [2025-03-04T22:39:32.813Z] [uploadQueue] Retrying task 79e2b749561016bc8af300ea19f48347ceed3cb1a54f48ae456172eca45e08f0
[debug] [2025-03-04T22:39:32.814Z] [uploadQueue] Retrying task bfe106a3fb878dc83461c86818bf74fc1bdc7f28538ba613cd3e775516ce8b49
[debug] [2025-03-04T22:39:32.814Z] [uploadQueue] Retrying task 212b102aa09e51b3b3e06647e81f7801a61333e171f6582e8124379aabccb41d
[debug] [2025-03-04T22:39:32.815Z] [uploadQueue] Retrying task ee04fb47e525c67d8424ffe9b4d8a8a24e434504478afca4e0ca602146836d4c
[debug] [2025-03-04T22:39:32.815Z] [uploadQueue] Retrying task 27edce7be5922cf0bef7d4136f69b5bfbdd5bf8c13c7b026f71187d41a00aa7d
[info] i  hosting: uploading new files [0/5] (0%) 
[info] i  hosting: uploading new files [0/5] (0%) 
[info] i  hosting: uploading new files [0/5] (0%) 
[debug] [2025-03-04T22:39:39.220Z] [uploadQueue] Retrying task 79e2b749561016bc8af300ea19f48347ceed3cb1a54f48ae456172eca45e08f0
[debug] Task 79e2b749561016bc8af300ea19f48347ceed3cb1a54f48ae456172eca45e08f0 failed: retries exhausted after 6 attempts, with error: The "paths[1]" argument must be of type string. Received undefined
[debug] [2025-03-04T22:39:39.221Z] [hosting][upload queue][FINAL] {"max":0,"min":9999999999,"avg":0,"active":4,"complete":1,"success":0,"errored":1,"retried":21,"total":5,"elapsed":12453}
[info] i  hosting: uploading new files [1/5] (20%) 
[debug] [2025-03-04T22:39:39.224Z] [uploadQueue] Retrying task bfe106a3fb878dc83461c86818bf74fc1bdc7f28538ba613cd3e775516ce8b49
[debug] Task bfe106a3fb878dc83461c86818bf74fc1bdc7f28538ba613cd3e775516ce8b49 failed: retries exhausted after 6 attempts, with error: The "paths[1]" argument must be of type string. Received undefined
[debug] [2025-03-04T22:39:39.225Z] [uploadQueue] Retrying task 212b102aa09e51b3b3e06647e81f7801a61333e171f6582e8124379aabccb41d
[debug] Task 212b102aa09e51b3b3e06647e81f7801a61333e171f6582e8124379aabccb41d failed: retries exhausted after 6 attempts, with error: The "paths[1]" argument must be of type string. Received undefined
[debug] [2025-03-04T22:39:39.225Z] [uploadQueue] Retrying task ee04fb47e525c67d8424ffe9b4d8a8a24e434504478afca4e0ca602146836d4c
[debug] Task ee04fb47e525c67d8424ffe9b4d8a8a24e434504478afca4e0ca602146836d4c failed: retries exhausted after 6 attempts, with error: The "paths[1]" argument must be of type string. Received undefined
[debug] [2025-03-04T22:39:39.226Z] [uploadQueue] Retrying task 27edce7be5922cf0bef7d4136f69b5bfbdd5bf8c13c7b026f71187d41a00aa7d
[debug] Task 27edce7be5922cf0bef7d4136f69b5bfbdd5bf8c13c7b026f71187d41a00aa7d failed: retries exhausted after 6 attempts, with error: The "paths[1]" argument must be of type string. Received undefined
[debug] [2025-03-04T22:39:39.369Z] TypeError [ERR_INVALID_ARG_TYPE]: The "paths[1]" argument must be of type string. Received undefined
    at Object.resolve (node:path:198:9)
    at Uploader.zipStream (C:\Users\johnk\AppData\Roaming\npm\node_modules\firebase-tools\lib\deploy\hosting\uploader.js:198:47)
    at Uploader.uploadHandler (C:\Users\johnk\AppData\Roaming\npm\node_modules\firebase-tools\lib\deploy\hosting\uploader.js:182:24)
    at Queue.executeTask (C:\Users\johnk\AppData\Roaming\npm\node_modules\firebase-tools\lib\throttler\throttler.js:181:33)
    at Queue.executeTask (C:\Users\johnk\AppData\Roaming\npm\node_modules\firebase-tools\lib\throttler\throttler.js:194:25)
    at runNextTicks (node:internal/process/task_queues:65:5)
    at listOnTimeout (node:internal/timers:555:9)
    at process.processTimers (node:internal/timers:529:7)
    at async Queue.handle (C:\Users\johnk\AppData\Roaming\npm\node_modules\firebase-tools\lib\throttler\throttler.js:97:22)
[error] 
[error] Error: Task 79e2b749561016bc8af300ea19f48347ceed3cb1a54f48ae456172eca45e08f0 failed: retries exhausted after 6 attempts, with error: The "paths[1]" argument must be of type string. Received undefined
